#-----------------------------------------------------------
# Vivado v2014.2 (64-bit)
# SW Build 932637 on Wed Jun 11 13:33:10 MDT 2014
# IP Build 924643 on Fri May 30 09:20:16 MDT 2014
# Start of session at: Thu Apr 30 19:42:22 2020
# Process ID: 15152
# Log file: C:/Users/Superminiala/Documents/VLSI/Lab_3/vivado.log
# Journal file: C:/Users/Superminiala/Documents/VLSI/Lab_3\vivado.jou
#-----------------------------------------------------------
start_gui
open_project {C:\Users\Superminiala\Documents\VLSI\Lab_3\Lab_3.xpr}
launch_xsim -simset sim_1 -mode behavioral
restart
run 100 ps
run 100 ps
run 100 ps
run 100 ps
run 100 ps
run 100 ps
run 100 ps
run 100 ps
run 100 ps
run 100 ps
run 100 ps
run 100 ps
run 100 ps
run 100 ps
run 100 ps
run 100 ps
run 100 ps
run 100 ps
run 100 ps
run 100 ps
run 100 ps
run 100 ps
run 100 ps
run 100 ps
close_sim
close [ open C:/Users/Superminiala/Documents/VLSI/Lab_3/Lab_3.srcs/sources_1/new/FIR_paral.vhd w ]
add_files C:/Users/Superminiala/Documents/VLSI/Lab_3/Lab_3.srcs/sources_1/new/FIR_paral.vhd
# Disabling source management mode.  This is to allow the top design properties to be set without GUI intervention.
set_property source_mgmt_mode None [current_project]
set_property top FIR_paral [current_fileset]
# Re-enabling previously disabled source management mode.
set_property source_mgmt_mode DisplayOnly [current_project]
synth_design -rtl -name rtl_1
synth_design -rtl -name rtl_1
close_design
synth_design -rtl -name rtl_1
set_property SOURCE_SET sources_1 [get_filesets sim_1]
close [ open C:/Users/Superminiala/Documents/VLSI/Lab_3/Lab_3.srcs/sim_1/new/FIR_para_tb.vhd w ]
add_files -fileset sim_1 C:/Users/Superminiala/Documents/VLSI/Lab_3/Lab_3.srcs/sim_1/new/FIR_para_tb.vhd
# Disabling source management mode.  This is to allow the top design properties to be set without GUI intervention.
set_property source_mgmt_mode None [current_project]
set_property top FIR_paral [get_filesets sim_1]
set_property top_lib xil_defaultlib [get_filesets sim_1]
# Re-enabling previously disabled source management mode.
set_property source_mgmt_mode DisplayOnly [current_project]
launch_xsim -simset sim_1 -mode behavioral
launch_xsim -simset sim_1 -mode behavioral
launch_xsim -simset sim_1 -mode behavioral
restart
run 100 ps
run 100 ps
run 100 ps
run 100 ps
run 100 ps
run 100 ps
run 100 ps
run 100 ps
run 100 ps
run 100 ps
# Disabling source management mode.  This is to allow the top design properties to be set without GUI intervention.
set_property source_mgmt_mode None [current_project]
set_property top FIR_para_tb [get_filesets sim_1]
set_property top_lib xil_defaultlib [get_filesets sim_1]
# Re-enabling previously disabled source management mode.
set_property source_mgmt_mode DisplayOnly [current_project]
launch_xsim -simset sim_1 -mode behavioral
restart
run 100 ps
run 100 ps
run 100 ps
run 100 ps
run 100 ps
run 100 ps
run 100 ps
run 100 ps
run 100 ps
run 100 ps
run 100 ps
run 100 ps
run 100 ps
run 100 ps
run 100 ps
run 100 ps
run 100 ps
run 100 ps
restart
restart
run 100 ps
run 100 ps
run 100 ps
run 100 ps
run 100 ps
run 100 ps
run 100 ps
run 100 ps
run 100 ps
run 100 ps
run 100 ps
restart
close_sim
close_sim
refresh_design
launch_xsim -simset sim_1 -mode behavioral
restart
run 100 ps
run 100 ps
run 100 ps
run 100 ps
run 100 ps
run 100 ps
run 100 ps
run 100 ps
run 100 ps
run 100 ps
run 100 ps
close_sim
close_design
synth_design -rtl -name rtl_1
synth_design -rtl -name rtl_1
launch_xsim -simset sim_1 -mode behavioral
restart
run 100 ps
run 100 ps
run 100 ps
run 100 ps
run 100 ps
run 100 ps
run 100 ps
run 100 ps
run 100 ps
run 100 ps
run 100 ps
run 100 ps
run 100 ps
run 100 ps
run 100 ps
run 100 ps
restart
run 100 ps
run 100 ps
run 100 ps
run 100 ps
run 100 ps
run 100 ps
run 100 ps
run 100 ps
run 100 ps
run 100 ps
run 100 ps
run 100 ps
restart
run 100 ps
run 100 ps
run 100 ps
run 100 ps
run 100 ps
run 100 ps
run 100 ps
run 100 ps
run 100 ps
run 100 ps
run 100 ps
launch_xsim -simset sim_1 -mode behavioral
close_design
launch_xsim -simset sim_1 -mode behavioral
restart
run 100 ps
run 100 ps
run 100 ps
run 100 ps
run 100 ps
run 100 ps
run 100 ps
run 100 ps
run 100 ps
run 100 ps
run 100 ps
run 100 ps
restart
run 100 ps
run 100 ps
run 100 ps
run 100 ps
run 100 ps
run 100 ps
run 100 ps
run 100 ps
run 100 ps
run 100 ps
run 100 ps
run 100 ps
run 100 ps
restart
run 100 ps
run 100 ps
run 100 ps
run 100 ps
run 100 ps
run 100 ps
run 100 ps
run 100 ps
run 100 ps
run 100 ps
run 100 ps
close_sim
launch_xsim -simset sim_1 -mode behavioral
restart
run 100 ps
run 100 ps
run 100 ps
run 100 ps
run 100 ps
run 100 ps
run 100 ps
run 100 ps
run 100 ps
run 100 ps
run 100 ps
run 100 ps
run 100 ps
restart
run 100 ps
run 100 ps
run 100 ps
run 100 ps
run 100 ps
run 100 ps
run 100 ps
run 100 ps
run 100 ps
run 100 ps
run 100 ps
run 100 ps
run 100 ps
run 100 ps
run 100 ps
run 100 ps
launch_xsim -simset sim_1 -mode behavioral
restart
run 100 ps
run 100 ps
run 100 ps
run 100 ps
run 100 ps
run 100 ps
run 100 ps
run 100 ps
run 100 ps
run 100 ps
run 100 ps
run 100 ps
run 100 ps
restart
run 100 ps
run 100 ps
run 100 ps
run 100 ps
run 100 ps
run 100 ps
run 100 ps
run 100 ps
run 100 ps
run 100 ps
run 100 ps
run 100 ps
run 100 ps
run 100 ps
run 100 ps
run 100 ps
close_sim
launch_xsim -simset sim_1 -mode behavioral
restart
run 100 ps
run 100 ps
run 100 ps
run 100 ps
run 100 ps
run 100 ps
run 100 ps
run 100 ps
run 100 ps
run 100 ps
run 100 ps
run 100 ps
run 100 ps
run 100 ps
run 100 ps
run 100 ps
run 100 ps
run 100 ps
run 100 ps
run 100 ps
run 100 ps
synth_design -rtl -name rtl_1
close_design
reset_run synth_1
launch_runs synth_1
wait_on_run synth_1
launch_runs impl_1
wait_on_run impl_1
open_run impl_1
launch_xsim -simset sim_1 -mode behavioral
restart
run 100 ps
run 100 ps
run 100 ps
run 100 ps
run 100 ps
run 100 ps
run 100 ps
run 100 ps
run 100 ps
run 100 ps
run 100 ps
run 100 ps
run 100 ps
run 100 ps
run 100 ps
run 100 ps
run 100 ps
# Disabling source management mode.  This is to allow the top design properties to be set without GUI intervention.
set_property source_mgmt_mode None [current_project]
set_property top FIR_pipe_tb [get_filesets sim_1]
set_property top_lib xil_defaultlib [get_filesets sim_1]
# Re-enabling previously disabled source management mode.
set_property source_mgmt_mode DisplayOnly [current_project]
close_sim
# Disabling source management mode.  This is to allow the top design properties to be set without GUI intervention.
set_property source_mgmt_mode None [current_project]
set_property top FIR_pipe [current_fileset]
# Re-enabling previously disabled source management mode.
set_property source_mgmt_mode DisplayOnly [current_project]
launch_xsim -simset sim_1 -mode behavioral
restart
run 100 ps
run 100 ps
run 100 ps
run 100 ps
run 100 ps
run 100 ps
run 100 ps
run 100 ps
run 100 ps
run 100 ps
run 100 ps
run 100 ps
run 100 ps
run 100 ps
run 100 ps
run 100 ps
run 100 ps
run 100 ps
run 100 ps
run 100 ps
run 100 ps
run 100 ps
run 100 ps
run 100 ps
close_sim
close_design
reset_run synth_1
launch_runs synth_1
wait_on_run synth_1
launch_runs impl_1
wait_on_run impl_1
synth_design -rtl -name rtl_1
# Disabling source management mode.  This is to allow the top design properties to be set without GUI intervention.
set_property source_mgmt_mode None [current_project]
set_property top FIR [current_fileset]
# Re-enabling previously disabled source management mode.
set_property source_mgmt_mode DisplayOnly [current_project]
refresh_design
# Disabling source management mode.  This is to allow the top design properties to be set without GUI intervention.
set_property source_mgmt_mode None [current_project]
set_property top FIR_TB [get_filesets sim_1]
set_property top_lib xil_defaultlib [get_filesets sim_1]
# Re-enabling previously disabled source management mode.
set_property source_mgmt_mode DisplayOnly [current_project]
close_design
reset_run synth_1
launch_runs synth_1
wait_on_run synth_1
launch_runs impl_1
wait_on_run impl_1
launch_xsim -simset sim_1 -mode behavioral
open_run impl_1
close_design
restart
run 100 ps
run 100 ps
run 100 ps
run 100 ps
run 100 ps
run 100 ps
run 100 ps
run 100 ps
run 100 ps
run 100 ps
run 100 ps
run 100 ps
run 100 ps
restart
run 100 ps
run 100 ps
run 100 ps
run 100 ps
run 100 ps
run 100 ps
run 100 ps
run 100 ps
run 100 ps
run 100 ps
run 100 ps
run 100 ps
run 100 ps
run 100 ps
run 100 ps
run 100 ps
run 100 ps
run 100 ps
run 100 ps
run 100 ps
run 100 ps
run 100 ps
run 100 ps
run 100 ps
run 100 ps
run 100 ps
run 100 ps
run 100 ps
run 100 ps
run 100 ps
run 100 ps
run 100 ps
run 100 ps
run 100 ps
run 100 ps
run 100 ps
run 100 ps
run 100 ps
run 100 ps
run 100 ps
run 100 ps
run 100 ps
run 100 ps
run 100 ps
run 100 ps
run 100 ps
run 100 ps
run 100 ps
run 100 ps
run 100 ps
run 100 ps
run 100 ps
run 100 ps
run 100 ps
run 100 ps
run 100 ps
run 100 ps
run 100 ps
run 100 ps
run 100 ps
run 100 ps
run 100 ps
run 100 ps
run 100 ps
run 100 ps
run 100 ps
run 100 ps
run 100 ps
run 100 ps
run 100 ps
run 100 ps
run 100 ps
run 100 ps
run 100 ps
run 100 ps
run 100 ps
run 100 ps
run 100 ps
run 100 ps
run 100 ps
run 100 ps
run 100 ps
run 100 ps
run 100 ps
run 100 ps
run 100 ps
run 100 ps
run 100 ps
run 100 ps
run 100 ps
run 100 ps
run 100 ps
run 100 ps
run 100 ps
run 100 ps
run 100 ps
run 100 ps
run 100 ps
run 100 ps
run 100 ps
run 100 ps
run 100 ps
run 100 ps
run 100 ps
run 100 ps
run 100 ps
run 100 ps
run 100 ps
run 100 ps
run 100 ps
run 100 ps
run 100 ps
run 100 ps
run 100 ps
run 100 ps
run 100 ps
run 100 ps
run 100 ps
run 100 ps
run 100 ps
run 100 ps
run 100 ps
run 100 ps
run 100 ps
run 100 ps
run 100 ps
run 100 ps
run 100 ps
run 100 ps
run 100 ps
# Disabling source management mode.  This is to allow the top design properties to be set without GUI intervention.
set_property source_mgmt_mode None [current_project]
set_property top FIR_pipe_tb [get_filesets sim_1]
set_property top_lib xil_defaultlib [get_filesets sim_1]
# Re-enabling previously disabled source management mode.
set_property source_mgmt_mode DisplayOnly [current_project]
restart
run 100 ps
run 100 ps
run 100 ps
run 100 ps
run 100 ps
run 100 ps
run 100 ps
run 100 ps
run 100 ps
run 100 ps
run 100 ps
run 100 ps
run 100 ps
run 100 ps
run 100 ps
run 100 ps
run 100 ps
run 100 ps
launch_xsim -simset sim_1 -mode behavioral
restart
run 100 ps
run 100 ps
run 100 ps
run 100 ps
run 100 ps
run 100 ps
run 100 ps
run 100 ps
run 100 ps
run 100 ps
run 100 ps
run 100 ps
run 100 ps
run 100 ps
run 100 ps
run 100 ps
run 100 ps
run 100 ps
run 100 ps
run 100 ps
run 100 ps
run 100 ps
run 100 ps
run 100 ps
# Disabling source management mode.  This is to allow the top design properties to be set without GUI intervention.
set_property source_mgmt_mode None [current_project]
set_property top FIR_para_tb [get_filesets sim_1]
set_property top_lib xil_defaultlib [get_filesets sim_1]
# Re-enabling previously disabled source management mode.
set_property source_mgmt_mode DisplayOnly [current_project]
close_sim
launch_xsim -simset sim_1 -mode behavioral
restart
run 100 ps
run 100 ps
run 100 ps
run 100 ps
run 100 ps
run 100 ps
run 100 ps
run 100 ps
run 100 ps
run 100 ps
run 100 ps
run 100 ps
run 100 ps
run 100 ps
run 100 ps
run 100 ps
close_sim
close_sim
