#-----------------------------------------------------------
# Vivado v2014.2 (64-bit)
# SW Build 932637 on Wed Jun 11 13:33:10 MDT 2014
# IP Build 924643 on Fri May 30 09:20:16 MDT 2014
# Start of session at: Mon Mar 09 23:07:18 2020
# Process ID: 6488
# Log file: C:/Users/Panos/Desktop/Lab_1/B_3/vivado.log
# Journal file: C:/Users/Panos/Desktop/Lab_1/B_3\vivado.jou
#-----------------------------------------------------------
start_gui
open_project {C:\Users\Panos\Desktop\Lab_1\B_3\B_3.xpr}
update_compile_order -fileset sources_1
set_property SOURCE_SET sources_1 [get_filesets sim_1]
close [ open C:/Users/Panos/Desktop/Lab_1/B_3/B_3.srcs/sim_1/new/up_counter_with_upper_limit_tb.vhd w ]
add_files -fileset sim_1 C:/Users/Panos/Desktop/Lab_1/B_3/B_3.srcs/sim_1/new/up_counter_with_upper_limit_tb.vhd
update_compile_order -fileset sim_1
launch_xsim -simset sim_1 -mode behavioral
launch_xsim -simset sim_1 -mode behavioral
# Disabling source management mode.  This is to allow the top design properties to be set without GUI intervention.
set_property source_mgmt_mode None [current_project]
set_property top Up_Counter_With_Upper_Limit_tb [get_filesets sim_1]
set_property top_lib xil_defaultlib [get_filesets sim_1]
# Re-enabling previously disabled source management mode.
set_property source_mgmt_mode All [current_project]
update_compile_order -fileset sim_1
launch_xsim -simset sim_1 -mode behavioral
# Disabling source management mode.  This is to allow the top design properties to be set without GUI intervention.
set_property source_mgmt_mode None [current_project]
set_property top Up_Counter_With_Upper_Limit [get_filesets sim_1]
set_property top_lib xil_defaultlib [get_filesets sim_1]
# Re-enabling previously disabled source management mode.
set_property source_mgmt_mode All [current_project]
update_compile_order -fileset sim_1
launch_xsim -simset sim_1 -mode behavioral
restart
run 5 ps
run 5 ps
run 5 ps
run 5 ps
run 5 ps
run 5 ps
run 5 ps
launch_xsim -simset sim_1 -mode behavioral
restart
run 5 ps
run 5 ps
run 5 ps
run 5 ps
run 5 ps
run 5 ps
run 5 ps
run 5 ps
launch_xsim -simset sim_1 -mode behavioral
run 5 ps
run 5 ps
run 5 ps
run 5 ps
launch_xsim -simset sim_1 -mode behavioral
run 5 ps
run 5 ps
run 5 ps
run 5 ps
run 5 ps
run 5 ps
run 5 ps
run 5 ps
run 5 ps
run 5 ps
run 5 ps
run 5 ps
run 5 ps
restart
run 5 ps
run 5 ps
run 5 ps
launch_xsim -simset sim_1 -mode behavioral
run 5 ps
run 5 ps
run 5 ps
run 5 ps
run 5 ps
run 5 ps
# Disabling source management mode.  This is to allow the top design properties to be set without GUI intervention.
set_property source_mgmt_mode None [current_project]
set_property top Up_Counter_With_Upper_Limit_tb [get_filesets sim_1]
set_property top_lib xil_defaultlib [get_filesets sim_1]
# Re-enabling previously disabled source management mode.
set_property source_mgmt_mode All [current_project]
update_compile_order -fileset sim_1
# Disabling source management mode.  This is to allow the top design properties to be set without GUI intervention.
set_property source_mgmt_mode None [current_project]
set_property top Up_Counter_With_Upper_Limit [get_filesets sim_1]
set_property top_lib xil_defaultlib [get_filesets sim_1]
# Re-enabling previously disabled source management mode.
set_property source_mgmt_mode All [current_project]
update_compile_order -fileset sim_1
launch_xsim -simset sim_1 -mode behavioral
restart
run 5 ps
run 5 ps
run 5 ps
run 5 ps
run 5 ps
run 5 ps
launch_xsim -simset sim_1 -mode behavioral
run 5 ps
run 5 ps
run 5 ps
run 5 ps
# Disabling source management mode.  This is to allow the top design properties to be set without GUI intervention.
set_property source_mgmt_mode None [current_project]
# Re-enabling previously disabled source management mode.
set_property source_mgmt_mode All [current_project]
# Disabling source management mode.  This is to allow the top design properties to be set without GUI intervention.
set_property source_mgmt_mode None [current_project]
set_property top Up_Counter_With_Upper_Limit_tb [get_filesets sim_1]
set_property top_lib xil_defaultlib [get_filesets sim_1]
# Re-enabling previously disabled source management mode.
set_property source_mgmt_mode All [current_project]
update_compile_order -fileset sim_1
launch_xsim -simset sim_1 -mode behavioral
run 5 ps
run 5 ps
run 5 ps
run 5 ps
run 5 ps
run 5 ps
run 5 ps
run 5 ps
run 5 ps
run 5 ps
run 5 ps
run 5 ps
run 5 ps
run 5 ps
run 5 ps
run 5 ps
run 5 ps
run 5 ps
run 5 ps
run 5 ps
run 5 ps
run 5 ps
run 5 ps
run 5 ps
run 5 ps
run 5 ps
run 5 ps
run 5 ps
run 5 ps
run 5 ps
run 5 ps
run 5 ps
run 5 ps
launch_xsim -simset sim_1 -mode behavioral
restart
run 5 ps
run 5 ps
run 5 ps
run 5 ps
run 5 ps
run 5 ps
run 5 ps
run 5 ps
run 5 ps
run 5 ps
run 5 ps
run 5 ps
run 5 ps
run 5 ps
run 5 ps
launch_xsim -simset sim_1 -mode behavioral
launch_xsim -simset sim_1 -mode behavioral
restart
run 5 ps
run 5 ps
run 5 ps
run 5 ps
run 5 ps
run 5 ps
run 5 ps
run 5 ps
run 5 ps
run 5 ps
run 5 ps
run 5 ps
run 5 ps
run 5 ps
run 5 ps
run 5 ps
run 5 ps
run 5 ps
run 5 ps
run 5 ps
run 5 ps
run 5 ps
run 5 ps
run 5 ps
run 5 ps
run 5 ps
run 5 ps
run 5 ps
run 5 ps
run 5 ps
run 5 ps
run 5 ps
run 5 ps
run 5 ps
run 5 ps
run 5 ps
run 5 ps
run 5 ps
run 5 ps
run 5 ps
run 5 ps
run 5 ps
run 5 ps
run 5 ps
run 5 ps
run 5 ps
run 5 ps
run 5 ps
run 5 ps
launch_xsim -simset sim_1 -mode behavioral
restart
run 5 ps
run 5 ps
run 5 ps
run 5 ps
run 5 ps
run 5 ps
run 5 ps
run 5 ps
run 5 ps
run 5 ps
run 5 ps
run 5 ps
run 5 ps
run 5 ps
run 5 ps
run 5 ps
run 5 ps
run 5 ps
run 5 ps
run 5 ps
run 5 ps
run 5 ps
run 5 ps
run 5 ps
run 5 ps
run 5 ps
run 5 ps
run 5 ps
run 5 ps
run 5 ps
run 5 ps
run 5 ps
run 5 ps
launch_xsim -simset sim_1 -mode behavioral
restart
run 5 ps
run 5 ps
run 5 ps
run 5 ps
run 5 ps
run 5 ps
run 5 ps
run 5 ps
run 5 ps
run 5 ps
run 5 ps
run 5 ps
run 5 ps
run 5 ps
run 5 ps
run 5 ps
run 5 ps
run 5 ps
run 5 ps
run 5 ps
run 5 ps
run 5 ps
run 5 ps
run 5 ps
run 5 ps
run 5 ps
run 5 ps
run 5 ps
run 5 ps
launch_xsim -simset sim_1 -mode behavioral
run 10 ps
run 10 ps
run 10 ps
run 10 ps
run 10 ps
run 10 ps
run 10 ps
run 10 ps
run 5 ps
run 5 ps
run 5 ps
run 5 ps
run 5 ps
run 5 ps
run 5 ps
run 5 ps
run 5 ps
run 5 ps
run 5 ps
run 5 ps
run 5 ps
run 5 ps
run 5 ps
run 5 ps
run 5 ps
run 5 ps
run 5 ps
run 5 ps
run 5 ps
run 5 ps
run 5 ps
close_sim
close_sim
close_sim
