#-----------------------------------------------------------
# Vivado v2014.2 (64-bit)
# SW Build 932637 on Wed Jun 11 13:33:10 MDT 2014
# IP Build 924643 on Fri May 30 09:20:16 MDT 2014
# Start of session at: Fri Mar 27 20:05:31 2020
# Process ID: 7884
# Log file: C:/Users/Superminiala/Documents/VLSI/Lab_2/vivado.log
# Journal file: C:/Users/Superminiala/Documents/VLSI/Lab_2\vivado.jou
#-----------------------------------------------------------
start_gui
open_project {C:\Users\Superminiala\Documents\VLSI\Lab_2\Lab_2.xpr}
update_compile_order -fileset sources_1
update_compile_order -fileset sources_1
update_compile_order -fileset sources_1
remove_files C:/Users/Superminiala/Documents/VLSI/Lab_2/Lab_2.srcs/sources_1/new/FA_comb_beh.vhd
remove_files C:/Users/Superminiala/Documents/VLSI/Lab_2/Lab_2.srcs/sources_1/new/FA_seq_beh.vhd
# Disabling source management mode.  This is to allow the top design properties to be set without GUI intervention.
set_property source_mgmt_mode None [current_project]
set_property top FA_seq [current_fileset]
# Re-enabling previously disabled source management mode.
set_property source_mgmt_mode All [current_project]
update_compile_order -fileset sources_1
# Disabling source management mode.  This is to allow the top design properties to be set without GUI intervention.
set_property source_mgmt_mode None [current_project]
set_property top FA_comb [current_fileset]
# Re-enabling previously disabled source management mode.
set_property source_mgmt_mode All [current_project]
update_compile_order -fileset sources_1
close [ open C:/Users/Superminiala/Documents/VLSI/Lab_2/Lab_2.srcs/sources_1/new/FA_COMB_behav.vhd w ]
add_files C:/Users/Superminiala/Documents/VLSI/Lab_2/Lab_2.srcs/sources_1/new/FA_COMB_behav.vhd
update_compile_order -fileset sources_1
# Disabling source management mode.  This is to allow the top design properties to be set without GUI intervention.
set_property source_mgmt_mode None [current_project]
set_property top FA_comb_beh [current_fileset]
# Re-enabling previously disabled source management mode.
set_property source_mgmt_mode All [current_project]
update_compile_order -fileset sources_1
reset_run impl_1
launch_runs impl_1
wait_on_run impl_1
reset_run impl_1
launch_runs impl_1
wait_on_run impl_1
update_compile_order -fileset sim_1
reset_run impl_1
launch_runs impl_1
wait_on_run impl_1
reset_run impl_1
launch_runs impl_1
wait_on_run impl_1
reset_run impl_1 -noclean_dir 
launch_runs impl_1
wait_on_run impl_1
synth_design -rtl -name rtl_1
reset_run impl_1
launch_runs impl_1
wait_on_run impl_1
synth_design -rtl -name rtl_1
update_compile_order -fileset sim_1
# Disabling source management mode.  This is to allow the top design properties to be set without GUI intervention.
set_property source_mgmt_mode None [current_project]
set_property top FA_comb [current_fileset]
# Re-enabling previously disabled source management mode.
set_property source_mgmt_mode All [current_project]
update_compile_order -fileset sources_1
reset_run impl_1
launch_runs impl_1
wait_on_run impl_1
synth_design -rtl -name rtl_1
# Disabling source management mode.  This is to allow the top design properties to be set without GUI intervention.
set_property source_mgmt_mode None [current_project]
set_property top FA_seq [current_fileset]
# Re-enabling previously disabled source management mode.
set_property source_mgmt_mode All [current_project]
update_compile_order -fileset sources_1
reset_run impl_1
launch_runs impl_1
wait_on_run impl_1
open_run impl_1
current_design rtl_1
refresh_design
reset_run impl_1
launch_runs impl_1
wait_on_run impl_1
refresh_design
current_design impl_1
refresh_design
current_design rtl_1
refresh_design
refresh_design
refresh_design
refresh_design
refresh_design
refresh_design
refresh_design
refresh_design
refresh_design
refresh_design
# Disabling source management mode.  This is to allow the top design properties to be set without GUI intervention.
set_property source_mgmt_mode None [current_project]
set_property top FA_comb [current_fileset]
# Re-enabling previously disabled source management mode.
set_property source_mgmt_mode All [current_project]
update_compile_order -fileset sources_1
refresh_design
reset_run impl_1
launch_runs impl_1
wait_on_run impl_1
current_design impl_1
refresh_design
set_property needs_refresh false [get_runs synth_1]
set_property needs_refresh false [get_runs impl_1]
current_design rtl_1
# Disabling source management mode.  This is to allow the top design properties to be set without GUI intervention.
set_property source_mgmt_mode None [current_project]
set_property top FA_seq [current_fileset]
# Re-enabling previously disabled source management mode.
set_property source_mgmt_mode All [current_project]
update_compile_order -fileset sources_1
refresh_design
set_property needs_refresh false [get_runs synth_1]
set_property needs_refresh false [get_runs impl_1]
reset_run impl_1
launch_runs impl_1
wait_on_run impl_1
current_design impl_1
refresh_design
current_design rtl_1
# Disabling source management mode.  This is to allow the top design properties to be set without GUI intervention.
set_property source_mgmt_mode None [current_project]
set_property top FA_comb_beh [current_fileset]
# Re-enabling previously disabled source management mode.
set_property source_mgmt_mode All [current_project]
update_compile_order -fileset sources_1
refresh_design
refresh_design
refresh_design
refresh_design
refresh_design
refresh_design
refresh_design
refresh_design
refresh_design
reset_run synth_1
launch_runs synth_1
wait_on_run synth_1
launch_runs impl_1
wait_on_run impl_1
open_run synth_1 -name netlist_1
current_design impl_1
refresh_design
close [ open C:/Users/Superminiala/Documents/VLSI/Lab_2/Lab_2.srcs/sources_1/new/FA_seq_beh.vhd w ]
add_files C:/Users/Superminiala/Documents/VLSI/Lab_2/Lab_2.srcs/sources_1/new/FA_seq_beh.vhd
update_compile_order -fileset sources_1
# Disabling source management mode.  This is to allow the top design properties to be set without GUI intervention.
set_property source_mgmt_mode None [current_project]
set_property top FA_seq_beh [current_fileset]
# Re-enabling previously disabled source management mode.
set_property source_mgmt_mode All [current_project]
update_compile_order -fileset sources_1
reset_run impl_1
launch_runs impl_1
wait_on_run impl_1
refresh_design
current_design rtl_1
refresh_design
refresh_design
refresh_design
refresh_design
refresh_design
refresh_design
reset_run impl_1
launch_runs impl_1
wait_on_run impl_1
current_design impl_1
refresh_design
set_property needs_refresh false [get_runs synth_1]
set_property needs_refresh false [get_runs impl_1]
current_design rtl_1
# Disabling source management mode.  This is to allow the top design properties to be set without GUI intervention.
set_property source_mgmt_mode None [current_project]
set_property top FA_comb_beh [current_fileset]
# Re-enabling previously disabled source management mode.
set_property source_mgmt_mode All [current_project]
refresh_design
update_compile_order -fileset sources_1
set_property needs_refresh false [get_runs synth_1]
set_property needs_refresh false [get_runs impl_1]
refresh_design
# Disabling source management mode.  This is to allow the top design properties to be set without GUI intervention.
set_property source_mgmt_mode None [current_project]
set_property top FA_comb [current_fileset]
# Re-enabling previously disabled source management mode.
set_property source_mgmt_mode All [current_project]
update_compile_order -fileset sources_1
refresh_design
# Disabling source management mode.  This is to allow the top design properties to be set without GUI intervention.
set_property source_mgmt_mode None [current_project]
set_property top FA_seq [current_fileset]
# Re-enabling previously disabled source management mode.
set_property source_mgmt_mode All [current_project]
update_compile_order -fileset sources_1
refresh_design
set_property needs_refresh false [get_runs synth_1]
set_property needs_refresh false [get_runs impl_1]
